// Jest Snapshot v1, https://goo.gl/fbAQLP

exports[`<Usertable /> rendering renders correctly 1`] = `ShallowWrapper {}`;
